00:00 +0: loading C:/Users/User/Desktop/Projects_folder/Flutter/invoice_app/test/weighted_cost_reproduction_test.dart
00:00 +0: (setUpAll)
00:00 +0: Reproduction: Cost calculation uses last batch instead of weighted average
*** sqflite warning ***

You are changing sqflite default factory.
Be aware of the potential side effects. Any library using sqflite
will have this factory as the default for all operations.

*** sqflite warning ***

*** sqflite warning ***

You are changing sqflite default factory.
Be aware of the potential side effects. Any library using sqflite
will have this factory as the default for all operations.

*** sqflite warning ***

00:00 +0 -1: Reproduction: Cost calculation uses last batch instead of weighted average [E]
  SqfliteFfiException(sqlite_error: 1, , SqliteException(1): while preparing statement, no such table: products, SQL logic error (code 1)
    Causing statement: INSERT INTO products (id, name, cost_price, sell_price, quantity) VALUES (?, ?, ?, ?, ?)}) DatabaseException(SqliteException(1): while preparing statement, no such table: products, SQL logic error (code 1)
    Causing statement: INSERT INTO products (id, name, cost_price, sell_price, quantity) VALUES (?, ?, ?, ?, ?)) sql 'INSERT INTO products (id, name, cost_price, sell_price, quantity) VALUES (?, ?, ?, ?, ?)' args [prod-001, Test Product, 0, 1000, 0] {details: {database: {path: :memory:, id: 1, readOnly: false, singleInstance: false}}}
  package:sqflite_common_ffi/src/method_call.dart 125:9  responseToResultOrThrow
  package:sqflite_common_ffi/src/isolate.dart 35:12      SqfliteIsolate.handle
  
00:00 +0 -1: (tearDownAll)
00:00 +0 -1: Some tests failed.
